{"level":"info","time":"2019-09-14 11-41-00.523","line":"/Users/macy/go/src/WEIBO/COMMON/flg/flg_test.go:26","data":"aaaaa","server":"test"}
